// Vitest Snapshot v1, https://vitest.dev/guide/snapshot.html

exports[`Contrat — inventaire des routes API (surface HTTP à préserver) > correspond à l’instantané de contrat — toute route ajoutée/retirée doit être revue 1`] = `
[
  "POST   /api/account/delete",
  "GET    /api/account/export",
  "GET    /api/admin/admins",
  "POST   /api/admin/admins",
  "GET    /api/admin/alerts",
  "POST   /api/admin/announcements",
  "GET    /api/admin/anti-circumvention",
  "POST   /api/admin/anti-circumvention/:userId/false-positive",
  "POST   /api/admin/anti-circumvention/:userId/restrict-messaging",
  "POST   /api/admin/anti-circumvention/:userId/warn",
  "GET    /api/admin/audit-log",
  "GET    /api/admin/badges",
  "GET    /api/admin/campaigns",
  "POST   /api/admin/campaigns",
  "GET    /api/admin/catalog",
  "GET    /api/admin/categories",
  "POST   /api/admin/categories",
  "PATCH  /api/admin/categories/:id",
  "GET    /api/admin/categories/:id/questions",
  "POST   /api/admin/categories/:id/questions",
  "GET    /api/admin/clients",
  "GET    /api/admin/clients/:id",
  "POST   /api/admin/clients/:id/refund",
  "GET    /api/admin/complaints",
  "PATCH  /api/admin/complaints/:id",
  "GET    /api/admin/content",
  "POST   /api/admin/content",
  "GET    /api/admin/conversations",
  "GET    /api/admin/conversations/:id",
  "GET    /api/admin/coupons",
  "POST   /api/admin/coupons",
  "POST   /api/admin/coupons/:id/toggle",
  "GET    /api/admin/disputes",
  "POST   /api/admin/disputes/:id/request-evidence",
  "POST   /api/admin/disputes/:id/resolve",
  "GET    /api/admin/escrow",
  "POST   /api/admin/escrow/:conversationId/arbitrate",
  "POST   /api/admin/escrow/:conversationId/refund",
  "GET    /api/admin/escrow/export",
  "POST   /api/admin/login",
  "POST   /api/admin/logout",
  "GET    /api/admin/missions",
  "GET    /api/admin/missions/:id",
  "POST   /api/admin/missions/:id/cancel",
  "POST   /api/admin/missions/:id/force-validate",
  "POST   /api/admin/missions/:id/note",
  "POST   /api/admin/missions/:id/nudge",
  "POST   /api/admin/missions/:id/reassign",
  "GET    /api/admin/overview",
  "GET    /api/admin/payments",
  "GET    /api/admin/payments",
  "POST   /api/admin/payments/:id/fail",
  "POST   /api/admin/payments/:id/refund",
  "POST   /api/admin/payments/:id/release",
  "POST   /api/admin/payments/:id/retry",
  "GET    /api/admin/payments/export",
  "GET    /api/admin/plans",
  "POST   /api/admin/plans",
  "PATCH  /api/admin/plans/:id",
  "POST   /api/admin/plans/:id/toggle",
  "GET    /api/admin/providers",
  "GET    /api/admin/providers",
  "GET    /api/admin/providers/:id",
  "PATCH  /api/admin/providers/:id/categories",
  "POST   /api/admin/providers/:id/kyc-approve",
  "POST   /api/admin/providers/:id/kyc-reject",
  "POST   /api/admin/providers/:id/subscription-cancel",
  "POST   /api/admin/providers/:id/subscription-extend",
  "POST   /api/admin/providers/:id/verify",
  "PATCH  /api/admin/providers/:id/zone",
  "DELETE /api/admin/questions/:id",
  "GET    /api/admin/reviews",
  "POST   /api/admin/reviews/:id/contact-author",
  "POST   /api/admin/reviews/:id/delete",
  "POST   /api/admin/reviews/:id/hide",
  "POST   /api/admin/reviews/:id/restore",
  "GET    /api/admin/search",
  "GET    /api/admin/session",
  "GET    /api/admin/settings",
  "PATCH  /api/admin/settings",
  "GET    /api/admin/subscriptions",
  "GET    /api/admin/subscriptions/export",
  "GET    /api/admin/team",
  "POST   /api/admin/team/:id/level",
  "POST   /api/admin/team/promote",
  "GET    /api/admin/templates",
  "POST   /api/admin/templates",
  "GET    /api/admin/testimonials",
  "DELETE /api/admin/testimonials/:id",
  "PATCH  /api/admin/testimonials/:id",
  "GET    /api/admin/users",
  "DELETE /api/admin/users/:id",
  "GET    /api/admin/users/:id",
  "PATCH  /api/admin/users/:id",
  "POST   /api/admin/users/:id/delete",
  "POST   /api/admin/users/:id/message",
  "POST   /api/admin/users/:id/password",
  "POST   /api/admin/users/:id/reactivate",
  "POST   /api/admin/users/:id/risk-flag",
  "POST   /api/admin/users/:id/subscription",
  "POST   /api/admin/users/:id/suspend",
  "GET    /api/admin/users/export",
  "GET    /api/admin/wallet",
  "POST   /api/assistant/chat",
  "GET    /api/auth/google",
  "GET    /api/auth/google/callback",
  "GET    /api/auth/google/pending",
  "POST   /api/auth/otp/send",
  "POST   /api/auth/otp/verify",
  "POST   /api/auth/password",
  "DELETE /api/auth/position",
  "PATCH  /api/auth/profile",
  "DELETE /api/auth/session",
  "GET    /api/auth/session",
  "POST   /api/auth/session",
  "GET    /api/conversations",
  "POST   /api/conversations",
  "POST   /api/conversations/:id/cancel",
  "POST   /api/conversations/:id/check-in",
  "POST   /api/conversations/:id/check-out",
  "POST   /api/conversations/:id/client-cancel",
  "POST   /api/conversations/:id/confirm-dispute-resolution",
  "POST   /api/conversations/:id/confirm-order",
  "POST   /api/conversations/:id/confirm-reschedule",
  "POST   /api/conversations/:id/deliver",
  "POST   /api/conversations/:id/dispute",
  "POST   /api/conversations/:id/first-contact",
  "GET    /api/conversations/:id/messages",
  "POST   /api/conversations/:id/messages",
  "POST   /api/conversations/:id/pay",
  "POST   /api/conversations/:id/propose-reschedule",
  "POST   /api/conversations/:id/rebook",
  "POST   /api/conversations/:id/receive",
  "DELETE /api/conversations/:id/recurring",
  "POST   /api/conversations/:id/recurring",
  "POST   /api/conversations/:id/respond-dispute",
  "POST   /api/conversations/:id/review",
  "POST   /api/conversations/:id/share-location",
  "GET    /api/favorites",
  "POST   /api/favorites",
  "DELETE /api/favorites/:providerId",
  "GET    /api/notifications",
  "POST   /api/notifications/read",
  "GET    /api/payments/:id",
  "GET    /api/payments/:id/receipt",
  "POST   /api/payments/initiate",
  "GET    /api/payments/me",
  "POST   /api/payments/webhook",
  "GET    /api/providers/:id",
  "GET    /api/providers/availability",
  "POST   /api/providers/availability",
  "DELETE /api/providers/availability/:id",
  "GET    /api/providers/featured",
  "GET    /api/providers/me",
  "PATCH  /api/providers/me",
  "DELETE /api/providers/me/position",
  "GET    /api/providers/search",
  "GET    /api/quotas/contacts",
  "POST   /api/quotas/contacts",
  "GET    /api/quotas/requests-received",
  "POST   /api/reclamations",
  "GET    /api/referrals/me",
  "GET    /api/requests",
  "POST   /api/requests",
  "GET    /api/requests/:id",
  "GET    /api/requests/:id/matches",
  "GET    /api/requests/received",
  "GET    /api/reviews/me",
  "GET    /api/sectors/counts",
  "POST   /api/subscriptions",
  "GET    /api/subscriptions/me",
  "POST   /api/subscriptions/trial",
  "GET    /api/testimonials",
  "POST   /api/testimonials",
  "GET    /api/updates/**",
  "POST   /api/verification",
  "GET    /api/verification/me",
  "GET    /api/wallet/me",
  "GET    /api/wallet/movements/:id/receipt",
  "POST   /api/wallet/recharge",
  "GET    /api/wallet/recharge/:id",
  "POST   /api/wallet/webhook",
  "POST   /api/wallet/withdraw",
]
`;
